[
  (lam
    x
    (all a (type) (fun a a))
    (let
      (nonrec)
      (termbind
        (strict)
        (vardecl j (con integer))
        [ [ (builtin addInteger) (con 1) ] x ]
      )
      (termbind (strict) (vardecl i (con integer)) j)
      i
    )
  )
  (con 1)
]